[dotenv@17.3.1] injecting env (14) from .env -- tip: 🔐 encrypt with Dotenvx: https://dotenvx.com
✅ Connected to MongoDB

🚀 API server running on port 3100

Scraping mobiles stores for: "oppo a6 8 128"
Scraped 1 products from mobiles stores


Scraping mobiles stores for: "oppo a6"
Scraped 1 products from mobiles stores


Scraping mobiles stores for: "oppo a6 8 128"
Scraped 1 products from mobiles stores


Scraping mobiles stores for: "samsung tab a9"
Scraped 2 products from mobiles stores


Scraping mobiles stores for: "iphone 14"
Scraped 5 products from mobiles stores


Scraping mobiles stores for: "iphone 14"
Scraped 5 products from mobiles stores


Searching mobiles by specifications via SerpApi for: "Xiaomi 14GB RAM"

Searching mobiles by specifications via SerpApi for: "Xiaomi 14GB RAM"

Scraping mobiles stores for: "xiaomi redmi note 14"
Scraped 2 products from mobiles stores


Scraping mobiles stores for: "oppo a6"
Scraped 1 products from mobiles stores


Scraping mobiles stores for: "xiaomi redmi note 14"
Scraped 2 products from mobiles stores


Searching mobiles by specifications via SerpApi for: "Oppo 6GB RAM 128GB"

Searching mobiles by specifications via SerpApi for: "Oppo 6GB RAM 128GB"

Searching mobiles by specifications via SerpApi for: "Xiaomi 6GB RAM 128GB"

Searching tablets by specifications via SerpApi for: "Lenovo 4GB RAM 64GB"

Scraping mobiles stores for: "oppo a6"
Scraped 1 products from mobiles stores


Scraping mobiles stores for: "oppo a6 8 128"
Scraped 1 products from mobiles stores

